A51 MACRO ASSEMBLER  TEST                                                                 09/19/2022 15:26:13 PAGE     1


MACRO ASSEMBLER A51 V8.2.7.0
OBJECT MODULE PLACED IN .\Objects\test.obj
ASSEMBLER INVOKED BY: C:\Keil_v5\C51\BIN\A51.EXE test.a51 SET(SMALL) DEBUG PRINT(.\Listings\test.lst) OBJECT(.\Objects\t
                      est.obj) EP

LOC  OBJ            LINE     SOURCE

0000                   1             org 0x0
0000                   2     start:
0000 7853              3             MOV R0, #0x53
0002 752035            4             MOV 0x20, #0x35
                       5             
                       6             ; ORL A, Rn
0005 74E6              7             MOV A, #0xE6
0007 48                8             ORL A, R0
0008 F9                9             MOV R1, A  ; R1 = 0xE6 & 0x53
                      10             
                      11             ; ORL A, direct
0009 74E7             12             MOV A, #0xE7
000B 4520             13             ORL A, 0x20
000D FA               14             MOV R2, A       ; R2 = 0xE6 & 0x35
                      15             
                      16             ; ORL A, @Ri
000E 74A4             17             MOV A, #0xA4
0010 7820             18             MOV R0, #0x20
0012 46               19             ORL A, @R0
0013 FB               20             MOV R3, A       ; R3 = 0xA4 & 0x35
                      21             
                      22             ; ORL A, #data
0014 7473             23             MOV A, #0x73
0016 4464             24             ORL A, #0x64
0018 FC               25             MOV R4, A
                      26             
                      27             ; ORL direct, A
0019 743C             28             MOV A, #0x3C
001B 4220             29             ORL 0x20, A
001D AD20             30             MOV R5, 0x20
                      31             
                      32             ; ORL direct, #data
001F 432076           33             ORL 0x20, #0x76
0022 AE20             34             MOV R6, 0x20
                      35                     
0024 80FE             36             sjmp $
                      37             
                      38     ; for test
  1000                39     REG_SP          EQU     0x1000
  1001                40     REG_A           EQU     0x1001
  1002                41     REG_B           EQU     0x1002
  1003                42     REG_PSW         EQU     0x1003
  1004                43     REG_PC          EQU     0x1004
  1005                44     REG_DPTR        EQU     0x1005
  1006                45     CYCLE           EQU 0x1006
  2000                46     REG_R0          EQU     0x2000
  2001                47     REG_R1          EQU     0x2001
  2002                48     REG_R2          EQU     0x2002
  2003                49     REG_R3          EQU     0x2003
  2004                50     REG_R4          EQU     0x2004
  2005                51     REG_R5          EQU     0x2005
  2006                52     REG_R6          EQU     0x2006
  2007                53     REG_R7          EQU     0x2007
  2FFF                54     REG_END         EQU     0x2FFF
0600                  55             org 0x600
0600 2000             56             dw  REG_R0,             0x20
0602 0020                    
A51 MACRO ASSEMBLER  TEST                                                                 09/19/2022 15:26:13 PAGE     2

0604 2001             57             dw  REG_R1,             0xf7
0606 00F7                    
0608 2002             58             dw  REG_R2,             0xf7
060A 00F7                    
060C 2003             59             dw  REG_R3,             0xb5
060E 00B5                    
0610 2004             60             dw  REG_R4,             0x77
0612 0077                    
0614 2005             61             dw  REG_R5,             0x3d
0616 003D                    
0618 2006             62             dw  REG_R6,             0x7f
061A 007F                    
061C 2007             63             dw  REG_R7,             0x00
061E 0000                    
                      64     
0620 1000             65             dW  REG_SP,             0x7
0622 0007                    
0624 1001             66             dW  REG_A,              0x3c
0626 003C                    
0628 1002             67             dW  REG_B,              0x0
062A 0000                    
062C 1003             68             dW  REG_PSW,    0x0
062E 0000                    
0630 1004             69             dW  REG_PC,             0x24
0632 0024                    
0634 1005             70             dw  REG_DPTR,   0x00
0636 0000                    
0638 1006             71             dw      CYCLE,          26
063A 001A                    
                      72     
063C 0020             73             dw  0x20, 0x7F
063E 007F                    
                      74     
0640 2FFF             75             dw  REG_END,    0
0642 0000                    
                      76             end             
A51 MACRO ASSEMBLER  TEST                                                                 09/19/2022 15:26:13 PAGE     3

SYMBOL TABLE LISTING
------ ----- -------


N A M E             T Y P E  V A L U E   ATTRIBUTES

CYCLE. . . . . . .  N NUMB   1006H   A   
REG_A. . . . . . .  N NUMB   1001H   A   
REG_B. . . . . . .  N NUMB   1002H   A   
REG_DPTR . . . . .  N NUMB   1005H   A   
REG_END. . . . . .  N NUMB   2FFFH   A   
REG_PC . . . . . .  N NUMB   1004H   A   
REG_PSW. . . . . .  N NUMB   1003H   A   
REG_R0 . . . . . .  N NUMB   2000H   A   
REG_R1 . . . . . .  N NUMB   2001H   A   
REG_R2 . . . . . .  N NUMB   2002H   A   
REG_R3 . . . . . .  N NUMB   2003H   A   
REG_R4 . . . . . .  N NUMB   2004H   A   
REG_R5 . . . . . .  N NUMB   2005H   A   
REG_R6 . . . . . .  N NUMB   2006H   A   
REG_R7 . . . . . .  N NUMB   2007H   A   
REG_SP . . . . . .  N NUMB   1000H   A   
START. . . . . . .  C ADDR   0000H   A   


REGISTER BANK(S) USED: 0 


ASSEMBLY COMPLETE.  0 WARNING(S), 0 ERROR(S)
